[01;34m.[0m
[01;34m./[0m[01;36mlink[0m
[01;34m./[0m[30;41mcapable[0m
[01;34m./[0mnormal
