./a
./b
./bar
./bar
./basic
./baz
./c
./d
./e
./f
./foo
./foo
./foo
./g
./h
./i
./j
./k
./l
