links
links/broken
links/deeply
links/deeply/nested
links/deeply/nested/broken
links/deeply/nested/dir
links/deeply/nested/file
links/deeply/nested/link
links/file
links/hardlink
links/notdir
links/skip
links/skip/broken
links/skip/dir
links/skip/file
links/skip/link
links/symlink
