perms
perms/dr-x
perms/drwx
perms/f---
perms/f-w-
perms/f-wx
perms/fr--
perms/fr-x
perms/frw-
perms/frwx
