
/n
weirdnames
weirdnames/!
weirdnames/!-
weirdnames/!-/e
weirdnames/!/d
weirdnames/(
weirdnames/(-
weirdnames/(-/c
weirdnames/(/b
weirdnames/)
weirdnames/)/g
weirdnames/*
weirdnames/*/m
weirdnames/,
weirdnames/,/f
weirdnames/-
weirdnames/-/a
weirdnames/...
weirdnames/.../h
weirdnames/[
weirdnames/[/k
weirdnames/\
weirdnames/\
weirdnames/\ 
weirdnames/\ /j
weirdnames/\\
weirdnames/\\/i
weirdnames/{
weirdnames/{/l
