weirdnames
weirdnames/

weirdnames/ 
weirdnames/!
weirdnames/!-
weirdnames/(
weirdnames/(-
weirdnames/)
weirdnames/*
weirdnames/,
weirdnames/-
weirdnames/...
weirdnames/[
weirdnames/\
weirdnames/{
