1: -rw-r--r-- scratch/mnt/lower/bar
1: -rw-r--r-- scratch/mnt/lower/baz
1: -rw-r--r-- scratch/mnt/lower/foo
1: -rw-r--r-- scratch/mnt/upper/baz/qux
1: -rw-r--r-- scratch/mnt/upper/foo
1: drwxr-xr-x scratch/mnt
1: drwxr-xr-x scratch/mnt/lower
1: drwxr-xr-x scratch/mnt/upper
1: drwxr-xr-x scratch/mnt/upper/baz
2: w--------- scratch/mnt/upper/bar
3: -rw-r--r-- scratch/mnt/lower/bar
3: -rw-r--r-- scratch/mnt/lower/baz
3: -rw-r--r-- scratch/mnt/lower/foo
3: -rw-r--r-- scratch/mnt/upper/baz/qux
3: -rw-r--r-- scratch/mnt/upper/foo
3: drwxr-xr-x scratch/mnt
3: drwxr-xr-x scratch/mnt/lower
3: drwxr-xr-x scratch/mnt/upper
3: drwxr-xr-x scratch/mnt/upper/baz
3: w--------- scratch/mnt/upper/bar
4: -rw-r--r-- scratch/mnt/lower/bar
4: -rw-r--r-- scratch/mnt/lower/baz
4: -rw-r--r-- scratch/mnt/lower/foo
4: -rw-r--r-- scratch/mnt/upper/baz/qux
4: drwxr-xr-x scratch/mnt
4: drwxr-xr-x scratch/mnt/lower
4: drwxr-xr-x scratch/mnt/upper
4: drwxr-xr-x scratch/mnt/upper/baz
5: w--------- scratch/mnt/upper/bar
6: -rw-r--r-- scratch/mnt/lower/bar
6: -rw-r--r-- scratch/mnt/lower/baz
6: -rw-r--r-- scratch/mnt/lower/foo
6: -rw-r--r-- scratch/mnt/upper/baz/qux
6: drwxr-xr-x scratch/mnt
6: drwxr-xr-x scratch/mnt/lower
6: drwxr-xr-x scratch/mnt/upper
6: drwxr-xr-x scratch/mnt/upper/baz
6: w--------- scratch/mnt/upper/bar
