-mmin  1: ./one_minute_ago
-mmin +1: ./one_hour_ago
-mmin +1: ./two_minutes_ago
-mmin -1: ./in_one_hour
-mmin -1: ./in_one_minute
-mmin -1: ./thirty_seconds_ago
