perms
perms/dr-x------
perms/dr-xr-xr-x
perms/drwx------
perms/drwxr-xr-x
perms/drwxrwxr-x
perms/drwxrwxrwx
perms/f--x------
perms/f--x--x--x
perms/f-wx------
perms/f-wx--x--x
perms/f-wx-wx--x
perms/f-wx-wx-wx
perms/fr-x------
perms/fr-xr-xr-x
perms/frwxr-----
perms/frwxr-xr-x
perms/frwxrwxr-x
perms/frwxrwxrwx
