



 
 /j
 /j
!
!-
!-/e
!-/e
!/d
!/d
(
(-
(-/c
(-/c
(/b
(/b
)
)/g
)/g
*
*/m
*/m
,
,/f
,/f
-
-/a
-/a
...
.../h
.../h
/n
/n
[
[/k
[/k
\
\/i
\/i
{
{/l
{/l
