
.
./
./
./ 
./ /j
./!
./!-
./!-/e
./!/d
./(
./(-
./(-/c
./(/b
./)
./)/g
./*
./*/m
./,
./,/f
./-
./-/a
./...
./.../h
./[
./[/k
./\
./\/i
./{
./{/l
/n
