loops
loops/broken
loops/deeply
loops/deeply/nested
loops/deeply/nested/dir
loops/file
loops/notdir
loops/skip
loops/skip/dir
loops/skip/loop
loops/symlink
