perms
perms/dr-x------
perms/dr-xr-xr-x
perms/drwx------
perms/drwxr-xr-x
perms/drwxrwxr-x
perms/drwxrwxrwx
perms/f-w-------
perms/f-w--w----
perms/f-w--w--w-
perms/f-wx------
perms/f-wx--x--x
perms/f-wx-wx--x
perms/f-wx-wx-wx
perms/fr--r--r--
perms/fr-xr-xr-x
perms/frw-------
perms/frw-r--r--
perms/frw-rw-r--
perms/frw-rw-rw-
perms/frwxr-----
perms/frwxr-xr-x
perms/frwxrwxr-x
perms/frwxrwxrwx
