perms
perms/dr-x
perms/drwx
perms/fr--
perms/fr-x
perms/frw-
perms/frwx
