perms
perms/drwx
perms/f-w-
perms/f-wx
perms/frw-
perms/frwx
