inaccessible
inaccessible/dir
inaccessible/file
inaccessible/link
