scratch/merged
scratch/merged/bar
scratch/merged/baz
scratch/merged/baz/qux
scratch/merged/foo
