perms
perms/drwxr-xr-x
perms/drwxrwxr-x
perms/drwxrwxrwx
perms/frwxr-xr-x
perms/frwxrwxr-x
perms/frwxrwxrwx
