perms/drwxrwxr-x
perms/drwxrwxrwx
perms/f-w--w----
perms/f-w--w--w-
perms/f-wx-wx--x
perms/f-wx-wx-wx
perms/frw-rw-r--
perms/frw-rw-rw-
perms/frwxrwxr-x
perms/frwxrwxrwx
