perms/drwxrwxrwx
perms/f-w--w--w-
perms/f-wx-wx-wx
perms/frw-rw-rw-
perms/frwxrwxrwx
