scratch
scratch/lower
scratch/lower/bar
scratch/lower/baz
scratch/lower/foo
scratch/upper
scratch/upper/bar
scratch/upper/baz
scratch/upper/baz/qux
scratch/upper/foo
